Analyzing testextreturn.adb
###########################

Resolving xrefs for node <AssignStmt testextreturn.adb:5:10-5:18>
*****************************************************************

Expr: <Id "A" testextreturn.adb:5:10-5:11>
  references: <DefiningName testextreturn.adb:4:14-4:15>
  type:       <TypeDecl ["Integer"] __standard:4:3-4:54>
Expr: <Int testextreturn.adb:5:15-5:17>
  references: None
  type:       <TypeDecl ["Integer"] __standard:4:3-4:54>

Resolving xrefs for node <ExtendedReturnStmt testextreturn.adb:4:7-7:18>
************************************************************************



Done.
