Analyzing testifc.adb
#####################

Resolving xrefs for node <CallStmt testifc.adb:14:4-14:19>
**********************************************************

Expr: <CallExpr testifc.adb:14:4-14:18>
  references: <DefiningName testifc.adb:4:17-4:20>
  type:       None
Expr: <Id "Foo" testifc.adb:14:4-14:7>
  references: <DefiningName testifc.adb:4:17-4:20>
  type:       None
Expr: <Id "Inst" testifc.adb:14:9-14:13>
  references: <DefiningName testifc.adb:12:4-12:8>
  type:       <ClasswideTypeDecl ["Derived"] testifc.adb:6:7-6:52>
Expr: <Int testifc.adb:14:15-14:17>
  references: None
  type:       <TypeDecl ["Universal_Int_Type_"] __standard:120:3-120:45>


Done.
